[2026-03-10T00:42:34+01:00] WARNING: Unknown target 'skill:creating-processes'
[2026-03-10T00:42:34+01:00] WARNING: Unknown target 'skill:creating-processes'
[2026-04-16T20:06:59+02:00] WARNING: Unknown target 'skill:check-self-eval'
[2026-04-17T02:32:31+02:00] WARNING: Unknown target 'pas-development:process'
[2026-04-17T02:32:33+02:00] WARNING: Unknown target 'pas-development:process'
[2026-04-17T02:32:33+02:00] WARNING: Unknown target 'pas-development:process'
[2026-04-20T20:30:53+02:00] WARNING: Unknown target 'agent:dx-specialist'
[2026-04-20T20:30:53+02:00] WARNING: Unknown target 'skill:dx-audit'
[2026-04-20T20:30:53+02:00] WARNING: Unknown target 'agent:dx-specialist'
[2026-04-20T20:30:53+02:00] WARNING: Unknown target 'skill:dx-audit'
[2026-04-20T20:30:53+02:00] WARNING: Unknown target 'skill:framework-assessment'
[2026-04-20T20:30:53+02:00] WARNING: Unknown target 'skill:implementation-planning'
[2026-04-20T20:30:53+02:00] WARNING: Unknown target 'skill:implementation-planning'
[2026-04-20T20:30:53+02:00] WARNING: Unknown target 'skill:framework-assessment'
[2026-04-20T20:30:53+02:00] WARNING: Unknown target 'skill:implementation-planning'
[2026-04-20T20:30:59+02:00] WARNING: Unknown target 'skill:feedback-analysis'
[2026-04-20T20:30:59+02:00] WARNING: Unknown target 'skill:feedback-analysis'
[2026-04-20T20:30:59+02:00] WARNING: Unknown target 'agent:feedback-analyst'
[2026-04-20T20:30:59+02:00] WARNING: Unknown target 'skill:pr-management'
[2026-04-20T20:30:59+02:00] WARNING: Unknown target 'agent:community-manager'
[2026-04-20T20:30:59+02:00] WARNING: Unknown target 'skill:issue-triage'
[2026-04-20T20:30:59+02:00] WARNING: Unknown target 'skill:issue-triage'
